
> hr-business-tool@0.2.0 build
> next build && cp -r .next/static .next/standalone/.next/ && cp -r public .next/standalone/

▲ Next.js 16.1.3 (Turbopack)
- Environments: .env

  Creating an optimized production build ...
Error: Can't resolve 'tw-animate-css' in 'F:\Personal Work\Nexjts\TOOL WEB\hr-business-tool\src\app'
    [2m[at finishWithoutResolve (F:\Personal Work\Nexjts\TOOL WEB\hr-business-tool\node_modules\enhanced-resolve\lib\Resolver.js:565:18)][0m
    [2m[at F:\Personal Work\Nexjts\TOOL WEB\hr-business-tool\node_modules\enhanced-resolve\lib\Resolver.js:657:14][0m
    [2m[at F:\Personal Work\Nexjts\TOOL WEB\hr-business-tool\node_modules\enhanced-resolve\lib\Resolver.js:718:5][0m
    [2m[at eval (eval at create (F:\Personal Work\Nexjts\TOOL WEB\hr-business-tool\node_modules\tapable\lib\HookCodeFactory.js:31:10), <anonymous>:15:1)][0m
    [2m[at F:\Personal Work\Nexjts\TOOL WEB\hr-business-tool\node_modules\enhanced-resolve\lib\Resolver.js:718:5][0m
    [2m[at eval (eval at create (F:\Personal Work\Nexjts\TOOL WEB\hr-business-tool\node_modules\tapable\lib\HookCodeFactory.js:31:10), <anonymous>:27:1)][0m
    [2m[at F:\Personal Work\Nexjts\TOOL WEB\hr-business-tool\node_modules\enhanced-resolve\lib\DescriptionFilePlugin.js:89:43][0m
    [2m[at F:\Personal Work\Nexjts\TOOL WEB\hr-business-tool\node_modules\enhanced-resolve\lib\Resolver.js:718:5][0m
    [2m[at eval (eval at create (F:\Personal Work\Nexjts\TOOL WEB\hr-business-tool\node_modules\tapable\lib\HookCodeFactory.js:31:10), <anonymous>:15:1)][0m
    [2m[at F:\Personal Work\Nexjts\TOOL WEB\hr-business-tool\node_modules\enhanced-resolve\lib\Resolver.js:718:5][0m {
  details: "resolve 'tw-animate-css' in 'F:\\Personal Work\\Nexjts\\TOOL WEB\\hr-business-tool\\src\\app'\n" +
    '  Parsed request is a module\n' +
    '  using description file: F:\\Personal Work\\Nexjts\\TOOL WEB\\hr-business-tool\\package.json (relative path: ./src/app)\n' +
    '    resolve as module\n' +
    "      F:\\Personal Work\\Nexjts\\TOOL WEB\\hr-business-tool\\src\\app\\node_modules doesn't exist or is not a directory\n" +
    "      F:\\Personal Work\\Nexjts\\TOOL WEB\\hr-business-tool\\src\\node_modules doesn't exist or is not a directory\n" +
    '      looking for modules in F:\\Personal Work\\Nexjts\\TOOL WEB\\hr-business-tool\\node_modules\n' +
    '        single file module\n' +
    '          using description file: F:\\Personal Work\\Nexjts\\TOOL WEB\\hr-business-tool\\package.json (relative path: ./node_modules/tw-animate-css)\n' +
    '            no extension\n' +
    "              F:\\Personal Work\\Nexjts\\TOOL WEB\\hr-business-tool\\node_modules\\tw-animate-css doesn't exist\n" +
    '            .css\n' +
    "              F:\\Personal Work\\Nexjts\\TOOL WEB\\hr-business-tool\\node_modules\\tw-animate-css.css doesn't exist\n" +
    "        F:\\Personal Work\\Nexjts\\TOOL WEB\\hr-business-tool\\node_modules\\tw-animate-css doesn't exist\n" +
    "      F:\\Personal Work\\Nexjts\\TOOL WEB\\node_modules doesn't exist or is not a directory\n" +
    "      F:\\Personal Work\\Nexjts\\node_modules doesn't exist or is not a directory\n" +
    "      F:\\Personal Work\\node_modules doesn't exist or is not a directory\n" +
    "      F:\\node_modules doesn't exist or is not a directory"
}

> Build error occurred
Error: Turbopack build failed with 1 errors:
./src/app/globals.css
Error evaluating Node.js code
CssSyntaxError: tailwindcss: F:\Personal Work\Nexjts\TOOL WEB\hr-business-tool\src\app\globals.css:1:1: Can't resolve 'tw-animate-css' in 'F:\Personal Work\Nexjts\TOOL WEB\hr-business-tool\src\app'
    at Input.error (node_modules/postcss/lib/input.js:135:16) [F:\Personal Work\Nexjts\TOOL WEB\hr-business-tool\.next\build\chunks\node_modules_fe693df6._.js:4651:22]
    at Root.error (node_modules/postcss/lib/node.js:146:32) [F:\Personal Work\Nexjts\TOOL WEB\hr-business-tool\.next\build\chunks\node_modules_fe693df6._.js:928:38]
    [at Object.Once (F:\Personal Work\Nexjts\TOOL WEB\hr-business-tool\node_modules\@tailwindcss\postcss\dist\index.js:10:6911)]
    [at process.processTicksAndRejections (node:internal/process/task_queues:103:5)]
    at async LazyResult.runAsync (node_modules/postcss/lib/lazy-result.js:293:11) [F:\Personal Work\Nexjts\TOOL WEB\hr-business-tool\.next\build\chunks\node_modules_fe693df6._.js:6206:21]
    at async transform (turbopack:///[turbopack-node]/transforms/postcss.ts:70:34) [F:\Personal Work\Nexjts\TOOL WEB\hr-business-tool\.next\build\chunks\[root-of-the-server]__51225daf._.js:146:36]
    at async run (turbopack:///[turbopack-node]/ipc/evaluate.ts:92:23) [F:\Personal Work\Nexjts\TOOL WEB\hr-business-tool\.next\build\chunks\[root-of-the-server]__974941ed._.js:443:31]

Import trace:
  Client Component Browser:
    ./src/app/globals.css [Client Component Browser]
    ./src/app/layout.tsx [Server Component]


    at async transform (turbopack:///[turbopack-node]/transforms/postcss.ts:70:34) [F:\Personal Work\Nexjts\TOOL WEB\hr-business-tool\.next\build\chunks\[root-of-the-server]__51225daf._.js:146:36])
    at async run (turbopack:///[turbopack-node]/ipc/evaluate.ts:92:23) [F:\Personal Work\Nexjts\TOOL WEB\hr-business-tool\.next\build\chunks\[root-of-the-server]__974941ed._.js:443:31])
